<html>
<body>
<pre>
<h1>µVision Build Log</h1>
<h2>Tool Versions:</h2>
IDE-Version: ¦ÌVision V5.36.0.0
Copyright (C) 2021 ARM Ltd and ARM Germany GmbH. All rights reserved.
License Information: 1 123, PC, LIC=TDAMJ-D1PYZ-RZBWY-WMYZB-DQA6C-NB0JA
 
Tool Versions:
Toolchain:       MDK-ARM Community  Version: 5.36.0.0
Toolchain Path:  D:\Keil_v5\ARM\ARMCC\Bin
C Compiler:      Armcc.exe V5.06 update 7 (build 960)
Assembler:       Armasm.exe V5.06 update 7 (build 960)
Linker/Locator:  ArmLink.exe V5.06 update 7 (build 960)
Library Manager: ArmAr.exe V5.06 update 7 (build 960)
Hex Converter:   FromElf.exe V5.06 update 7 (build 960)
CPU DLL:         SARMCM3.DLL V5.36.0.0
Dialog DLL:      DCM.DLL V1.17.3.0
Target DLL:      CMSIS_AGDI.dll V1.33.0.0
Dialog DLL:      TCM.DLL V1.53.0.0
 
<h2>Project:</h2>
D:\Project\my_project\N32L43X\n32l43x_example\MDK-ARM\n32l43x_example.uvprojx
Project File Date:  07/15/2022

<h2>Output:</h2>
*** Using Compiler 'V5.06 update 7 (build 960)', folder: 'D:\Keil_v5\ARM\ARMCC\Bin'
Build target 'N32L43x'
compiling key.c...
..\peripheral\key\src\key.c(140): warning:  #177-D: variable "res"  was declared but never referenced
      FRESULT res;
..\peripheral\key\src\key.c(283): warning:  #111-D: statement is unreachable
          break;
..\peripheral\key\src\key.c(287): warning:  #111-D: statement is unreachable
          break;
..\peripheral\key\src\key.c(291): warning:  #111-D: statement is unreachable
          break;
..\peripheral\key\src\key.c(295): warning:  #111-D: statement is unreachable
          break;
..\peripheral\key\src\key.c(299): warning:  #111-D: statement is unreachable
          break;
..\peripheral\key\src\key.c(340): warning:  #940-D: missing return statement at end of non-void function "KeyRegister" 
  }
..\peripheral\key\src\key.c: 7 warnings, 0 errors
linking...
Program Size: Code=59336 RO-data=1860 RW-data=232 ZI-data=26712  
FromELF: creating hex file...
After Build - User command #1: fromelf --bin --output=.\bin\Printf.bin .\Objects\Printf.axf
".\Objects\Printf.axf" - 0 Error(s), 7 Warning(s).

<h2>Software Packages used:</h2>

Package Vendor: Nationstech
                http://www.keil.com/pack/Nationstech.N32L43x_DFP.0.1.0.pack
                Nationstech.N32L43x_DFP.0.1.0
                Nationstech N32L43x Series Device Support, Drivers and Examples

<h2>Collection of Component include folders:</h2>
  D:\Keil_v5\ARM\PACK\Nationstech\N32L43x_DFP\0.1.0\firmware\CMSIS\device

<h2>Collection of Component Files used:</h2>
Build Time Elapsed:  00:00:01
</pre>
</body>
</html>
